// Jest Snapshot v1, https://goo.gl/fbAQLP

exports[`actions testing app button 1`] = `
<div
  className="App"
>
  <header
    className="App-header"
  >
    <img
      alt="logo"
      className="App-logo"
      src="logo.svg"
    />
    <p>
      TDD/BDD: 
      <code>
        React-Redux Tests
      </code>
    </p>
  </header>
</div>
`;
